**********************************************************************
** Visual Studio 2022 Developer Command Prompt v17.14.26
** Copyright (c) 2025 Microsoft Corporation
**********************************************************************
[vcvarsall.bat] Environment initialized for: 'x64'
Starting FAST build...
.NET Framework 的 MSBuild 版本 17.14.40+3e7442088

  cmake_pch.cxx
  ayu_worker.cpp
  ayu_url_handlers.cpp
  ayu_state.cpp
  ayu_settings.cpp
  ayu_lang.cpp
  ayu_infra.cpp
  ayu_mapper.cpp
  telegram_helpers.cpp
  windows_utils.cpp
  rc_manager.cpp
  taptic_engine.cpp
  taptic_engine_dummy.cpp
  ayu_logo.cpp
  ayu_profile_values.cpp
  color_cut_quantizer.cpp
  color_utils.cpp
  palette.cpp
  itunes_search.cpp
  settings_appearance.cpp
  settings_ayu_utils.cpp
  正在產生程式碼...
  正在編譯...
  settings_chats.cpp
  settings_general.cpp
  settings_ayu.cpp
  settings_filters.cpp
  settings_other.cpp
  settings_filters_list.cpp
  per_dialog_filter.cpp
  edit_filter.cpp
  context_menu.cpp
  menu_item_subtext.cpp
  history_inner.cpp
  history_section.cpp
  edit_mark_box.cpp
  font_selector.cpp
  import_filters_box.cpp
  theme_selector_box.cpp
  message_shot_box.cpp
  donate_qr_box.cpp
  donate_info_box.cpp
  json_viewer_box.cpp
I:\007\AyuWorkspace\AyuGramDesktop_0320_syncbase\Telegram\SourceFiles\ayu\ui\boxes\json_viewer_box.cpp(132,23): warning C4834: 捨棄具有 [[nodiscard]] 屬性函式的傳回值 [I:\007\AyuWorkspace\AyuGramDesktop_0320_syncbase\out\Telegram\Telegram.vcxproj]
  (編譯來源檔案 '../../Telegram/SourceFiles/ayu/ui/boxes/json_viewer_box.cpp')
  
I:\007\AyuWorkspace\AyuGramDesktop_0320_syncbase\Telegram\SourceFiles\ayu\ui\boxes\json_viewer_box.cpp(158,22): warning C4834: 捨棄具有 [[nodiscard]] 屬性函式的傳回值 [I:\007\AyuWorkspace\AyuGramDesktop_0320_syncbase\out\Telegram\Telegram.vcxproj]
  (編譯來源檔案 '../../Telegram/SourceFiles/ayu/ui/boxes/json_viewer_box.cpp')
  
  正在產生程式碼...
  正在編譯...
  image_view.cpp
  icon_picker.cpp
  saved_music.cpp
  streamer_mode_win.cpp
  streamer_mode.cpp
  message_shot.cpp
  ayu_forward.cpp
  ayu_sync.cpp
  ayu_translator.cpp
  html_parser.cpp
  google.cpp
  yandex.cpp
  telegram.cpp
  base.cpp
  filters_controller.cpp
  filters_cache_controller.cpp
  filters_utils.cpp
  shadow_ban_utils.cpp
  messages_storage.cpp
  ayu_database.cpp
  正在產生程式碼...
  正在編譯...
  info_profile_music_button.cpp
  api_attached_stickers.cpp
  api_authorizations.cpp
  api_blocked_peers.cpp
  api_bot.cpp
  api_chat_filters.cpp
  api_chat_filters_remove_manager.cpp
  api_chat_invite.cpp
  api_chat_links.cpp
  api_chat_participants.cpp
  api_cloud_password.cpp
  api_common.cpp
  api_confirm_phone.cpp
  api_credits.cpp
  api_credits_history_entry.cpp
  api_earn.cpp
  api_editing.cpp
  api_global_privacy.cpp
  api_hash.cpp
  api_invite_links.cpp
  正在產生程式碼...
  正在編譯...
  api_media.cpp
  api_messages_search.cpp
  api_messages_search_merged.cpp
  api_peer_colors.cpp
  api_peer_photo.cpp
  api_peer_search.cpp
  api_polls.cpp
  api_premium.cpp
  api_premium_option.cpp
  api_report.cpp
  api_ringtones.cpp
  api_self_destruct.cpp
  api_send_progress.cpp
  api_sending.cpp
  api_sensitive_content.cpp
  api_single_message_search.cpp
  api_statistics.cpp
  api_statistics_data_deserialize.cpp
  api_statistics_sender.cpp
  api_suggest_post.cpp
  正在產生程式碼...
  正在編譯...
  api_text_entities.cpp
  api_todo_lists.cpp
  api_toggling_media.cpp
  api_transcribes.cpp
  api_unread_things.cpp
  api_updates.cpp
  api_user_names.cpp
  api_user_privacy.cpp
  api_views.cpp
  api_websites.cpp
  api_who_reacted.cpp
  edit_filter_box.cpp
  edit_filter_chats_list.cpp
  edit_filter_chats_preview.cpp
  edit_filter_links.cpp
  add_bot_to_chat_box.cpp
  add_participants_box.cpp
  choose_peer_box.cpp
  edit_contact_box.cpp
  edit_forum_topic_box.cpp
  正在產生程式碼...
  正在編譯...
  edit_discussion_link_box.cpp
  edit_members_visible.cpp
  edit_participant_box.cpp
  edit_participants_box.cpp
  edit_peer_color_box.cpp
  edit_peer_info_box.cpp
  edit_peer_invite_link.cpp
  edit_peer_invite_links.cpp
  edit_peer_permissions_box.cpp
  edit_peer_reactions.cpp
  edit_peer_requests_box.cpp
  edit_peer_type_box.cpp
  edit_peer_usernames_list.cpp
  peer_short_info_box.cpp
  prepare_short_info_box.cpp
  replace_boost_box.cpp
  verify_peers_box.cpp
  about_box.cpp
  about_sponsored_box.cpp
  abstract_box.cpp
  正在產生程式碼...
  正在編譯...
  add_contact_box.cpp
  auto_lock_box.cpp
  auto_download_box.cpp
  background_box.cpp
  background_preview_box.cpp
  choose_filter_box.cpp
  connection_box.cpp
  create_poll_box.cpp
  delete_messages_box.cpp
  dictionaries_manager.cpp
  download_path_box.cpp
  edit_caption_box.cpp
  edit_privacy_box.cpp
  edit_todo_list_box.cpp
  gift_credits_box.cpp
  gift_premium_box.cpp
  language_box.cpp
  local_storage_box.cpp
  max_invite_box.cpp
  moderate_messages_box.cpp
  正在產生程式碼...
  正在編譯...
  peer_list_box.cpp
  peer_list_controllers.cpp
  peer_list_widgets.cpp
  peer_lists_box.cpp
  passcode_box.cpp
  phone_banned_box.cpp
  pin_messages_box.cpp
  premium_limits_box.cpp
  premium_preview_box.cpp
  reactions_settings_box.cpp
  report_messages_box.cpp
  ringtones_box.cpp
  self_destruction_box.cpp
  send_credits_box.cpp
  send_gif_with_caption_box.cpp
  send_files_box.cpp
  share_box.cpp
  star_gift_auction_box.cpp
  star_gift_box.cpp
  star_gift_preview_box.cpp
  正在產生程式碼...
  正在編譯...
  star_gift_resale_box.cpp
  sticker_set_box.cpp
  stickers_box.cpp
  transfer_gift_box.cpp
  translate_box.cpp
  url_auth_box.cpp
  username_box.cpp
  calls_choose_join_as.cpp
  calls_cover_item.cpp
  calls_group_call.cpp
  calls_group_common.cpp
  calls_group_invite_controller.cpp
  calls_group_members.cpp
  calls_group_members_row.cpp
  calls_group_menu.cpp
  calls_group_message_encryption.cpp
  calls_group_message_field.cpp
  calls_group_messages.cpp
  calls_group_messages_ui.cpp
  calls_group_panel.cpp
  正在產生程式碼...
  正在編譯...
  calls_group_rtmp.cpp
  calls_group_settings.cpp
  calls_group_stars_box.cpp
  calls_group_toasts.cpp
  calls_group_viewport.cpp
  calls_group_viewport_opengl.cpp
  calls_group_viewport_raster.cpp
  calls_group_viewport_tile.cpp
  calls_volume_item.cpp
  calls_box_controller.cpp
  calls_call.cpp
  calls_emoji_fingerprint.cpp
  calls_instance.cpp
  calls_panel.cpp
  calls_panel_background.cpp
  calls_signal_bars.cpp
  calls_top_bar.cpp
  calls_userpic.cpp
  calls_video_bubble.cpp
  calls_video_incoming.cpp
  正在產生程式碼...
  正在編譯...
  calls_window.cpp
  compose_show.cpp
  bot_command.cpp
  bot_keyboard.cpp
  emoji_interactions.cpp
  emoji_keywords.cpp
  emoji_list_widget.cpp
  emoji_sets_manager.cpp
  emoji_suggestions_widget.cpp
  field_autocomplete.cpp
  gifs_list_widget.cpp
  message_field.cpp
  share_message_phrase_factory.cpp
  spellchecker_common.cpp
  stickers_dice_pack.cpp
  stickers_emoji_pack.cpp
  stickers_gift_box_pack.cpp
  stickers_list_footer.cpp
  stickers_list_widget.cpp
  stickers_lottie.cpp
  正在產生程式碼...
  正在編譯...
  tabbed_panel.cpp
  tabbed_section.cpp
  tabbed_selector.cpp
  ttl_media_layer_widget.cpp
  application.cpp
  bank_card_click_handler.cpp
  base_integration.cpp
  changelogs.cpp
  click_handler_types.cpp
  core_cloud_password.cpp
  core_settings.cpp
  core_settings_proxy.cpp
  crash_report_window.cpp
  crash_reports.cpp
  file_utilities.cpp
  launcher.cpp
  local_url_handlers.cpp
  phone_click_handler.cpp
  sandbox.cpp
  shortcuts.cpp
  正在產生程式碼...
  正在編譯...
  ui_integration.cpp
  update_checker.cpp
  utils.cpp
  countries_manager.cpp
  data_business_chatbots.cpp
  data_business_common.cpp
  data_business_info.cpp
  data_shortcut_messages.cpp
  credits.cpp
  factchecks.cpp
  gift_auctions.cpp
  location_pickers.cpp
  passkeys.cpp
  promo_suggestions.cpp
  recent_peers.cpp
  recent_shared_media_gifts.cpp
  scheduled_messages.cpp
  sponsored_messages.cpp
  top_peers.cpp
  data_notify_settings.cpp
  正在產生程式碼...
  正在編譯...
  data_peer_notify_settings.cpp
  data_peer_notify_volume.cpp
  data_custom_emoji.cpp
  data_stickers_set.cpp
  data_stickers.cpp
  data_abstract_structure.cpp
  data_audio_msg_id.cpp
  data_auto_download.cpp
  data_bot_app.cpp
  data_chat.cpp
  data_chat_filters.cpp
  data_chat_participant_status.cpp
  data_changes.cpp
  data_channel.cpp
  data_channel_admins.cpp
  data_cloud_file.cpp
  data_cloud_themes.cpp
  data_document.cpp
  data_document_media.cpp
  data_document_resolver.cpp
  正在產生程式碼...
  正在編譯...
  data_download_manager.cpp
  data_drafts.cpp
  data_emoji_statuses.cpp
  data_folder.cpp
  data_forum.cpp
  data_forum_icons.cpp
  data_forum_topic.cpp
  data_file_click_handler.cpp
  data_file_origin.cpp
  data_game.cpp
  data_group_call.cpp
  data_groups.cpp
  data_histories.cpp
  data_history_messages.cpp
  data_location.cpp
  data_media_preload.cpp
  data_media_rotation.cpp
  data_media_types.cpp
  data_message_reaction_id.cpp
  data_message_reactions.cpp
  正在產生程式碼...
  正在編譯...
  data_peer.cpp
  data_peer_bot_command.cpp
  data_peer_bot_commands.cpp
  data_peer_id.cpp
  data_peer_values.cpp
  data_photo.cpp
  data_photo_media.cpp
  data_poll.cpp
  data_premium_limits.cpp
  data_pts_waiter.cpp
  data_replies_list.cpp
  data_reply_preview.cpp
  data_saved_messages.cpp
  data_saved_music.cpp
  data_saved_sublist.cpp
  data_search_controller.cpp
  data_send_action.cpp
  data_session.cpp
  data_shared_media.cpp
  data_sparse_ids.cpp
  正在產生程式碼...
  正在編譯...
  data_star_gift.cpp
  data_stories.cpp
  data_stories_ids.cpp
  data_story.cpp
  data_streaming.cpp
  data_thread.cpp
  data_todo_list.cpp
  data_types.cpp
  data_unread_value.cpp
  data_user.cpp
  data_user_photos.cpp
  data_user_names.cpp
  data_wall_paper.cpp
  data_web_page.cpp
  dialogs_layout.cpp
  dialogs_message_view.cpp
  dialogs_stories_content.cpp
  dialogs_suggestions.cpp
  dialogs_topics_view.cpp
  dialogs_video_userpic.cpp
  正在產生程式碼...
  正在編譯...
  dialogs_entry.cpp
  dialogs_indexed_list.cpp
  dialogs_inner_widget.cpp
  dialogs_key.cpp
  dialogs_list.cpp
  dialogs_main_list.cpp
  dialogs_pinned_list.cpp
  dialogs_quick_action.cpp
  dialogs_row.cpp
  dialogs_search_from_controllers.cpp
  dialogs_search_tags.cpp
  dialogs_search_posts.cpp
  dialogs_top_bar_suggestion.cpp
  dialogs_widget.cpp
  color_picker.cpp
  stickers_panel_controller.cpp
  editor_paint.cpp
  photo_editor.cpp
  photo_editor_content.cpp
  photo_editor_controls.cpp
  正在產生程式碼...
  正在編譯...
  photo_editor_layer_widget.cpp
  scene_item_sticker.cpp
  export_manager.cpp
  export_view_content.cpp
  export_view_panel_controller.cpp
  export_view_progress.cpp
  export_view_settings.cpp
  export_view_top_bar.cpp
  history_admin_log_filter.cpp
  history_admin_log_inner.cpp
  history_admin_log_item.cpp
  history_admin_log_section.cpp
  history_view_compose_controls.cpp
  history_view_compose_media_edit_manager.cpp
  history_view_compose_search.cpp
  history_view_draft_options.cpp
  history_view_forward_panel.cpp
  history_view_suggest_options.cpp
  history_view_ttl_button.cpp
  history_view_voice_record_bar.cpp
  正在產生程式碼...
  正在編譯...
  history_view_webpage_processor.cpp
  history_view_birthday_suggestion.cpp
  history_view_call.cpp
  history_view_contact.cpp
  history_view_custom_emoji.cpp
  history_view_dice.cpp
  history_view_document.cpp
  history_view_file.cpp
  history_view_game.cpp
  history_view_gif.cpp
  history_view_giveaway.cpp
  history_view_invoice.cpp
  history_view_large_emoji.cpp
  history_view_location.cpp
  history_view_media.cpp
  history_view_media_common.cpp
  history_view_media_generic.cpp
  history_view_media_grouped.cpp
  history_view_media_spoiler.cpp
  history_view_media_unwrapped.cpp
  正在產生程式碼...
  正在編譯...
  history_view_photo.cpp
  history_view_poll.cpp
  history_view_premium_gift.cpp
  history_view_save_document_action.cpp
  history_view_service_box.cpp
  history_view_similar_channels.cpp
  history_view_slot_machine.cpp
  history_view_sticker.cpp
  history_view_sticker_player.cpp
  history_view_story_mention.cpp
  history_view_suggest_decision.cpp
  history_view_theme_document.cpp
  history_view_todo_list.cpp
  history_view_unique_gift.cpp
  history_view_userpic_suggestion.cpp
  history_view_web_page.cpp
  history_view_reactions.cpp
  history_view_reactions_button.cpp
  history_view_reactions_list.cpp
  history_view_reactions_selector.cpp
  正在產生程式碼...
  正在編譯...
  history_view_reactions_strip.cpp
  history_view_reactions_tabs.cpp
  history_view_about_view.cpp
  history_view_bottom_info.cpp
  history_view_chat_preview.cpp
  history_view_chat_section.cpp
  history_view_contact_status.cpp
  history_view_context_menu.cpp
  history_view_corner_buttons.cpp
  history_view_cursor_state.cpp
  history_view_element.cpp
  history_view_emoji_interactions.cpp
  history_view_empty_list_bubble.cpp
  history_view_fake_items.cpp
  history_view_group_call_bar.cpp
  history_view_group_members_widget.cpp
  history_view_list_widget.cpp
  history_view_message.cpp
  history_view_paid_reaction_toast.cpp
  history_view_pinned_bar.cpp
  正在產生程式碼...
  正在編譯...
  history_view_pinned_section.cpp
  history_view_pinned_tracker.cpp
  history_view_quick_action.cpp
  history_view_reaction_preview.cpp
  history_view_reply.cpp
  history_view_requests_bar.cpp
  history_view_schedule_box.cpp
  history_view_scheduled_section.cpp
  history_view_self_forwards_tagger.cpp
  history_view_send_action.cpp
  history_view_service_message.cpp
  history_view_sponsored_click_handler.cpp
  history_view_sticker_toast.cpp
  history_view_subsection_tabs.cpp
  history_view_text_helper.cpp
  history_view_transcribe_button.cpp
  history_view_translate_bar.cpp
  history_view_translate_tracker.cpp
  history_view_top_bar_widget.cpp
  history_view_view_button.cpp
  正在產生程式碼...
  正在編譯...
  history_view_webpage_preview.cpp
  history.cpp
  history_drag_area.cpp
  history_item_components.cpp
  history_item_edition.cpp
  history_item_helpers.cpp
  history_item_reply_markup.cpp
  history_item_text.cpp
  history_inner_widget.cpp
  history_location_manager.cpp
  history_streamed_drafts.cpp
  history_translation.cpp
  history_unread_things.cpp
  history_view_highlight_manager.cpp
  history_view_swipe_back_session.cpp
  history_widget.cpp
  info_bot_earn_list.cpp
  info_bot_earn_widget.cpp
  info_bot_starref_common.cpp
  info_bot_starref_join_widget.cpp
  正在產生程式碼...
  正在編譯...
  info_bot_starref_setup_widget.cpp
  create_giveaway_box.cpp
  giveaway_list_controllers.cpp
  info_boosts_inner_widget.cpp
  info_boosts_widget.cpp
  info_channel_earn_list.cpp
  info_channel_earn_widget.cpp
  info_common_groups_inner_widget.cpp
  info_common_groups_widget.cpp
  info_downloads_inner_widget.cpp
  info_downloads_provider.cpp
  info_downloads_widget.cpp
  info_global_media_widget.cpp
  info_global_media_inner_widget.cpp
  info_global_media_provider.cpp
  info_media_buttons.cpp
  info_media_common.cpp
  info_media_empty_widget.cpp
  info_media_inner_widget.cpp
  info_media_list_section.cpp
  正在產生程式碼...
  正在編譯...
  info_media_list_widget.cpp
  info_media_provider.cpp
  info_media_widget.cpp
  info_members_widget.cpp
  info_peer_gifts_collections.cpp
  info_peer_gifts_common.cpp
  info_peer_gifts_widget.cpp
  info_polls_results_inner_widget.cpp
  info_polls_results_widget.cpp
  info_profile_actions.cpp
  info_profile_badge_tooltip.cpp
  info_profile_badge.cpp
  info_profile_cover.cpp
  info_profile_emoji_status_panel.cpp
  info_profile_inner_widget.cpp
  info_profile_members.cpp
  info_profile_members_controllers.cpp
  info_profile_phone_menu.cpp
  info_profile_status_label.cpp
  info_profile_top_bar.cpp
  正在產生程式碼...
  正在編譯...
  info_profile_values.cpp
  info_profile_widget.cpp
  info_reactions_list_widget.cpp
  info_requests_list_widget.cpp
  info_saved_music_common.cpp
  info_saved_music_provider.cpp
  info_saved_music_widget.cpp
  info_saved_sublists_widget.cpp
  info_settings_widget.cpp
  info_similar_peers_widget.cpp
  info_statistics_inner_widget.cpp
  info_statistics_list_controllers.cpp
  info_statistics_recent_message.cpp
  info_statistics_widget.cpp
  info_stories_albums.cpp
  info_stories_inner_widget.cpp
  info_stories_provider.cpp
  info_stories_widget.cpp
  info_userpic_colors_editor.cpp
  info_userpic_emoji_builder.cpp
  正在產生程式碼...
  正在編譯...
  info_userpic_emoji_builder_common.cpp
  info_userpic_emoji_builder_menu_item.cpp
  info_userpic_emoji_builder_preview.cpp
  info_userpic_emoji_builder_widget.cpp
  info_content_widget.cpp
  info_controller.cpp
  info_layer_widget.cpp
  info_memento.cpp
  info_section_widget.cpp
  info_top_bar.cpp
  info_wrap_widget.cpp
  bot_attach_web_view.cpp
  inline_bot_confirm_prepared.cpp
  inline_bot_downloads.cpp
  inline_bot_layout_internal.cpp
  inline_bot_layout_item.cpp
  inline_bot_result.cpp
  inline_bot_send_data.cpp
  inline_bot_storage.cpp
  inline_results_inner.cpp
  正在產生程式碼...
  正在編譯...
  inline_results_widget.cpp
  intro_code.cpp
  intro_email.cpp
  intro_password_check.cpp
  intro_phone.cpp
  intro_qr.cpp
  intro_signup.cpp
  intro_step.cpp
  intro_widget.cpp
  iv_delegate_impl.cpp
  iv_instance.cpp
  lang_cloud_manager.cpp
  lang_instance.cpp
  lang_numbers_animation.cpp
  lang_translator.cpp
  layout_document_generic_preview.cpp
  layout_item_base.cpp
  main_account.cpp
  main_app_config.cpp
  main_app_config_values.cpp
  正在產生程式碼...
  正在編譯...
  main_domain.cpp
  main_session.cpp
  main_session_settings.cpp
  send_as_peers.cpp
  session_show.cpp
  media_audio.cpp
  media_audio_capture.cpp
  media_audio_ffmpeg_loader.cpp
  media_audio_loader.cpp
  media_audio_loaders.cpp
  media_audio_local_cache.cpp
  media_audio_track.cpp
  media_child_ffmpeg_loader.cpp
  media_player_float.cpp
  media_player_instance.cpp
  media_player_panel.cpp
  media_player_volume_controller.cpp
  media_player_widget.cpp
  media_stories_caption_full_view.cpp
  media_stories_controller.cpp
  正在產生程式碼...
  正在編譯...
  media_stories_delegate.cpp
  media_stories_header.cpp
  media_stories_reactions.cpp
  media_stories_recent_views.cpp
  media_stories_reply.cpp
  media_stories_repost_view.cpp
  media_stories_share.cpp
  media_stories_sibling.cpp
  media_stories_slider.cpp
  media_stories_stealth.cpp
  media_stories_view.cpp
  media_streaming_audio_track.cpp
  media_streaming_document.cpp
  media_streaming_file.cpp
  media_streaming_instance.cpp
  media_streaming_loader.cpp
  media_streaming_loader_local.cpp
  media_streaming_loader_mtproto.cpp
  media_streaming_player.cpp
  media_streaming_reader.cpp
  正在產生程式碼...
  正在編譯...
  media_streaming_round_preview.cpp
  media_streaming_utility.cpp
  media_streaming_video_track.cpp
  media_view_group_thumbs.cpp
  media_view_open_common.cpp
  media_view_overlay_opengl.cpp
  media_view_overlay_raster.cpp
  media_view_overlay_widget.cpp
  media_view_pip.cpp
  media_view_pip_opengl.cpp
  media_view_pip_raster.cpp
  media_view_playback_controls.cpp
  media_view_playback_progress.cpp
  media_view_playback_sponsored.cpp
  media_view_video_stream.cpp
  system_media_controls_manager.cpp
  menu_antispam_validator.cpp
  menu_item_download_files.cpp
  menu_item_rate_transcribe_session.cpp
  menu_mute.cpp
  正在產生程式碼...
  正在編譯...
  menu_send.cpp
  menu_sponsored.cpp
  menu_ttl_validator.cpp
  config_loader.cpp
  connection_abstract.cpp
  connection_http.cpp
  connection_resolving.cpp
  connection_tcp.cpp
  dedicated_file_loader.cpp
  facade.cpp
  mtp_instance.cpp
  session.cpp
  session_private.cpp
  special_config_request.cpp
  overview_checkbox.cpp
  overview_layout.cpp
  passport_encryption.cpp
  passport_form_controller.cpp
  passport_form_view_controller.cpp
  passport_panel.cpp
  正在產生程式碼...
  正在編譯...
  passport_panel_controller.cpp
  passport_panel_edit_contact.cpp
  passport_panel_edit_document.cpp
  passport_panel_edit_scans.cpp
  passport_panel_form.cpp
  passport_panel_password.cpp
  payments_checkout_process.cpp
  payments_form.cpp
  payments_non_panel_process.cpp
  payments_reaction_process.cpp
  file_utilities_win.cpp
  launcher_win.cpp
  integration_win.cpp
  main_window_win.cpp
  notifications_manager_win.cpp
  specific_win.cpp
  tray_win.cpp
  webauthn_win.cpp
  windows_app_user_model_id.cpp
  windows_dlls.cpp
  正在產生程式碼...
  正在編譯...
  windows_autostart_task.cpp
  windows_toast_activator.cpp
  platform_integration.cpp
  platform_overlay_widget.cpp
  profile_back_button.cpp
  profile_block_widget.cpp
  profile_cover_drop_area.cpp
  settings_away_message.cpp
  settings_shortcut_messages.cpp
  settings_chat_intro.cpp
  settings_chat_links.cpp
  settings_chatbots.cpp
  settings_greeting.cpp
  settings_location.cpp
  settings_quick_replies.cpp
  settings_recipients_helper.cpp
  settings_working_hours.cpp
  settings_cloud_password_email.cpp
  settings_cloud_password_email_confirm.cpp
  settings_cloud_password_hint.cpp
  正在產生程式碼...
  正在編譯...
  settings_cloud_password_input.cpp
  settings_cloud_password_login_email.cpp
  settings_cloud_password_login_email_confirm.cpp
  settings_cloud_password_manage.cpp
  settings_cloud_password_start.cpp
  settings_cloud_password_step.cpp
  settings_cloud_password_validate_icon.cpp
  settings_active_sessions.cpp
  settings_advanced.cpp
  settings_blocked_peers.cpp
  settings_business.cpp
  settings_chat.cpp
  settings_calls.cpp
  settings_codes.cpp
  settings_common_session.cpp
  settings_credits.cpp
  settings_credits_graphics.cpp
  settings_experimental.cpp
  settings_folders.cpp
  settings_global_ttl.cpp
  正在產生程式碼...
  正在編譯...
  settings_information.cpp
  settings_intro.cpp
  settings_local_passcode.cpp
  settings_notifications.cpp
  settings_notifications_type.cpp
  settings_passkeys.cpp
  settings_power_saving.cpp
  settings_premium.cpp
  settings_privacy_controllers.cpp
  settings_privacy_security.cpp
  settings_scale_preview.cpp
  settings_shortcuts.cpp
  settings_websites.cpp
  storage_file_utilities.cpp
  storage_settings_scheme.cpp
  download_manager_mtproto.cpp
  file_download.cpp
  file_download_mtproto.cpp
  file_download_web.cpp
  file_upload.cpp
  正在產生程式碼...
  正在編譯...
  localimageloader.cpp
  localstorage.cpp
  serialize_common.cpp
  serialize_document.cpp
  serialize_peer.cpp
  storage_account.cpp
  storage_cloud_blob.cpp
  storage_domain.cpp
  storage_facade.cpp
  storage_media_prepare.cpp
  storage_shared_media.cpp
  storage_sparse_ids_list.cpp
  storage_user_photos.cpp
  streamed_file_downloader.cpp
  support_autocomplete.cpp
  support_common.cpp
  support_helper.cpp
  support_preload.cpp
  support_templates.cpp
  tde2e_integration.cpp
  正在產生程式碼...
  正在編譯...
  edit_invite_link_session.cpp
  peer_qr_box.cpp
  attach_item_single_file_preview.cpp
  attach_item_single_media_preview.cpp
  choose_send_as.cpp
  choose_theme_controller.cpp
  sponsored_message_bar.cpp
  emoji_button_factory.cpp
  location_picker.cpp
  silent_toggle.cpp
  table_rows.cpp
  userpic_button.cpp
  credits_graphics.cpp
  emoji_fly_animation.cpp
  message_sending_animation_controller.cpp
  reaction_fly_animation.cpp
  send_action_animations.cpp
  image.cpp
  image_location.cpp
  image_location_factory.cpp
  正在產生程式碼...
  正在編譯...
  format_song_document_name.cpp
  expandable_peer_list.cpp
  chat_filters_tabs_strip.cpp
  peer_bubble.cpp
  countryinput.cpp
  dynamic_thumbnails.cpp
  filter_icons.cpp
  filter_icon_panel.cpp
  item_text_options.cpp
  top_background_gradient.cpp
  unread_badge.cpp
  video_userpic_player.cpp
  main_window.cpp
  notifications_manager.cpp
  notifications_manager_default.cpp
  notifications_utilities.cpp
  section_widget.cpp
  window_adaptive.cpp
  window_chat_preview.cpp
  window_chat_switch_process.cpp
  正在產生程式碼...
  正在編譯...
  window_connecting_widget.cpp
  window_controller.cpp
  window_filters_menu.cpp
  window_history_hider.cpp
  window_lock_widgets.cpp
  window_main_menu.cpp
  window_main_menu_helpers.cpp
  window_media_preview.cpp
  window_peer_menu.cpp
  window_separate_id.cpp
  window_session_controller.cpp
  window_setup_email.cpp
  window_theme.cpp
  window_theme_editor.cpp
  window_theme_editor_block.cpp
  window_theme_editor_box.cpp
  window_theme_preview.cpp
  window_theme_warning.cpp
  window_themes_cloud_list.cpp
  window_themes_embedded.cpp
  正在產生程式碼...
  正在編譯...
  window_themes_generate_name.cpp
  apiwrap.cpp
  logs.cpp
  main.cpp
  mainwidget.cpp
I:\007\AyuWorkspace\AyuGramDesktop_0320_syncbase\Telegram\SourceFiles\mainwidget.cpp(2987,1): error C1090: PDB API 呼叫失敗，錯誤碼 '12':  [I:\007\AyuWorkspace\AyuGramDesktop_0320_syncbase\out\Telegram\Telegram.vcxproj]
  (編譯來源檔案 '../../Telegram/SourceFiles/mainwidget.cpp')
  
  mainwindow.cpp
I:\007\AyuWorkspace\AyuGramDesktop_0320_syncbase\Telegram\SourceFiles\mainwindow.cpp(766,1): error C1090: PDB API 呼叫失敗，錯誤碼 '12':  [I:\007\AyuWorkspace\AyuGramDesktop_0320_syncbase\out\Telegram\Telegram.vcxproj]
  (編譯來源檔案 '../../Telegram/SourceFiles/mainwindow.cpp')
  
  settings.cpp
  tray.cpp
I:\007\AyuWorkspace\AyuGramDesktop_0320_syncbase\Telegram\SourceFiles\tray.cpp(268,1): error C1090: PDB API 呼叫失敗，錯誤碼 '12':  [I:\007\AyuWorkspace\AyuGramDesktop_0320_syncbase\out\Telegram\Telegram.vcxproj]
  (編譯來源檔案 '../../Telegram/SourceFiles/tray.cpp')
  
  qrc_ayu.cpp
  qrc_emoji_1.cpp
  qrc_emoji_2.cpp
  qrc_emoji_3.cpp
  qrc_emoji_4.cpp
  qrc_emoji_5.cpp
  qrc_emoji_6.cpp
  qrc_emoji_7.cpp
  qrc_emoji_8.cpp
  qrc_emoji_preview.cpp
  qrc_animations.cpp
  qrc_export.cpp
  正在產生程式碼...
  正在編譯...
  qrc_iv.cpp
  qrc_picker.cpp
  qrc_telegram.cpp
  qrc_sounds.cpp
  mocs_compilation_Release.cpp
  正在產生程式碼...
Build Process Failed.
